Analysis & Synthesis report for DE1_SoC
Fri Aug 21 20:59:42 2026
Quartus Prime Version 17.0.0 Build 595 04/25/2017 SJ Lite Edition


---------------------
; Table of Contents ;
---------------------
  1. Legal Notice
  2. Analysis & Synthesis Summary
  3. Analysis & Synthesis Settings
  4. Parallel Compilation
  5. Analysis & Synthesis Messages
  6. Analysis & Synthesis Suppressed Messages



----------------
; Legal Notice ;
----------------
Copyright (C) 2017  Intel Corporation. All rights reserved.
Your use of Intel Corporation's design tools, logic functions 
and other software and tools, and its AMPP partner logic 
functions, and any output files from any of the foregoing 
(including device programming or simulation files), and any 
associated documentation or information are expressly subject 
to the terms and conditions of the Intel Program License 
Subscription Agreement, the Intel Quartus Prime License Agreement,
the Intel MegaCore Function License Agreement, or other 
applicable license agreement, including, without limitation, 
that your use is for the sole purpose of programming logic 
devices manufactured by Intel and sold by Intel or its 
authorized distributors.  Please refer to the applicable 
agreement for further details.



+---------------------------------------------------------------------------+
; Analysis & Synthesis Summary                                              ;
+-----------------------------+---------------------------------------------+
; Analysis & Synthesis Status ; Failed - Fri Aug 21 20:59:42 2026           ;
; Quartus Prime Version       ; 17.0.0 Build 595 04/25/2017 SJ Lite Edition ;
; Revision Name               ; DE1_SoC                                     ;
; Top-level Entity Name       ; CPU_single                                  ;
; Family                      ; Cyclone V                                   ;
; Logic utilization (in ALMs) ; N/A until Partition Merge                   ;
; Total registers             ; N/A until Partition Merge                   ;
; Total pins                  ; N/A until Partition Merge                   ;
; Total virtual pins          ; N/A until Partition Merge                   ;
; Total block memory bits     ; N/A until Partition Merge                   ;
; Total PLLs                  ; N/A until Partition Merge                   ;
; Total DLLs                  ; N/A until Partition Merge                   ;
+-----------------------------+---------------------------------------------+


+---------------------------------------------------------------------------------------------------------------------------+
; Analysis & Synthesis Settings                                                                                             ;
+---------------------------------------------------------------------------------+--------------------+--------------------+
; Option                                                                          ; Setting            ; Default Value      ;
+---------------------------------------------------------------------------------+--------------------+--------------------+
; Device                                                                          ; 5CGXFC7C7F23C8     ;                    ;
; Top-level entity name                                                           ; CPU_single         ; DE1_SoC            ;
; Family name                                                                     ; Cyclone V          ; Cyclone V          ;
; Use smart compilation                                                           ; Off                ; Off                ;
; Enable parallel Assembler and TimeQuest Timing Analyzer during compilation      ; On                 ; On                 ;
; Enable compact report table                                                     ; Off                ; Off                ;
; Restructure Multiplexers                                                        ; Auto               ; Auto               ;
; MLAB Add Timing Constraints For Mixed-Port Feed-Through Mode Setting Don't Care ; Off                ; Off                ;
; Create Debugging Nodes for IP Cores                                             ; Off                ; Off                ;
; Preserve fewer node names                                                       ; On                 ; On                 ;
; OpenCore Plus hardware evaluation                                               ; Enable             ; Enable             ;
; Verilog Version                                                                 ; Verilog_2001       ; Verilog_2001       ;
; VHDL Version                                                                    ; VHDL_1993          ; VHDL_1993          ;
; State Machine Processing                                                        ; Auto               ; Auto               ;
; Safe State Machine                                                              ; Off                ; Off                ;
; Extract Verilog State Machines                                                  ; On                 ; On                 ;
; Extract VHDL State Machines                                                     ; On                 ; On                 ;
; Ignore Verilog initial constructs                                               ; Off                ; Off                ;
; Iteration limit for constant Verilog loops                                      ; 5000               ; 5000               ;
; Iteration limit for non-constant Verilog loops                                  ; 250                ; 250                ;
; Add Pass-Through Logic to Inferred RAMs                                         ; On                 ; On                 ;
; Infer RAMs from Raw Logic                                                       ; On                 ; On                 ;
; Parallel Synthesis                                                              ; On                 ; On                 ;
; DSP Block Balancing                                                             ; Auto               ; Auto               ;
; NOT Gate Push-Back                                                              ; On                 ; On                 ;
; Power-Up Don't Care                                                             ; On                 ; On                 ;
; Remove Redundant Logic Cells                                                    ; Off                ; Off                ;
; Remove Duplicate Registers                                                      ; On                 ; On                 ;
; Ignore CARRY Buffers                                                            ; Off                ; Off                ;
; Ignore CASCADE Buffers                                                          ; Off                ; Off                ;
; Ignore GLOBAL Buffers                                                           ; Off                ; Off                ;
; Ignore ROW GLOBAL Buffers                                                       ; Off                ; Off                ;
; Ignore LCELL Buffers                                                            ; Off                ; Off                ;
; Ignore SOFT Buffers                                                             ; On                 ; On                 ;
; Limit AHDL Integers to 32 Bits                                                  ; Off                ; Off                ;
; Optimization Technique                                                          ; Balanced           ; Balanced           ;
; Carry Chain Length                                                              ; 70                 ; 70                 ;
; Auto Carry Chains                                                               ; On                 ; On                 ;
; Auto Open-Drain Pins                                                            ; On                 ; On                 ;
; Perform WYSIWYG Primitive Resynthesis                                           ; Off                ; Off                ;
; Auto ROM Replacement                                                            ; On                 ; On                 ;
; Auto RAM Replacement                                                            ; On                 ; On                 ;
; Auto DSP Block Replacement                                                      ; On                 ; On                 ;
; Auto Shift Register Replacement                                                 ; Auto               ; Auto               ;
; Allow Shift Register Merging across Hierarchies                                 ; Auto               ; Auto               ;
; Auto Clock Enable Replacement                                                   ; On                 ; On                 ;
; Strict RAM Replacement                                                          ; Off                ; Off                ;
; Allow Synchronous Control Signals                                               ; On                 ; On                 ;
; Force Use of Synchronous Clear Signals                                          ; Off                ; Off                ;
; Auto Resource Sharing                                                           ; Off                ; Off                ;
; Allow Any RAM Size For Recognition                                              ; Off                ; Off                ;
; Allow Any ROM Size For Recognition                                              ; Off                ; Off                ;
; Allow Any Shift Register Size For Recognition                                   ; Off                ; Off                ;
; Use LogicLock Constraints during Resource Balancing                             ; On                 ; On                 ;
; Ignore translate_off and synthesis_off directives                               ; Off                ; Off                ;
; Timing-Driven Synthesis                                                         ; On                 ; On                 ;
; Report Parameter Settings                                                       ; On                 ; On                 ;
; Report Source Assignments                                                       ; On                 ; On                 ;
; Report Connectivity Checks                                                      ; On                 ; On                 ;
; Ignore Maximum Fan-Out Assignments                                              ; Off                ; Off                ;
; Synchronization Register Chain Length                                           ; 3                  ; 3                  ;
; PowerPlay Power Optimization During Synthesis                                   ; Normal compilation ; Normal compilation ;
; HDL message level                                                               ; Level2             ; Level2             ;
; Suppress Register Optimization Related Messages                                 ; Off                ; Off                ;
; Number of Removed Registers Reported in Synthesis Report                        ; 5000               ; 5000               ;
; Number of Swept Nodes Reported in Synthesis Report                              ; 5000               ; 5000               ;
; Number of Inverted Registers Reported in Synthesis Report                       ; 100                ; 100                ;
; Clock MUX Protection                                                            ; On                 ; On                 ;
; Auto Gated Clock Conversion                                                     ; Off                ; Off                ;
; Block Design Naming                                                             ; Auto               ; Auto               ;
; SDC constraint protection                                                       ; Off                ; Off                ;
; Synthesis Effort                                                                ; Auto               ; Auto               ;
; Shift Register Replacement - Allow Asynchronous Clear Signal                    ; On                 ; On                 ;
; Pre-Mapping Resynthesis Optimization                                            ; Off                ; Off                ;
; Analysis & Synthesis Message Level                                              ; Medium             ; Medium             ;
; Disable Register Merging Across Hierarchies                                     ; Auto               ; Auto               ;
; Resource Aware Inference For Block RAM                                          ; On                 ; On                 ;
; Automatic Parallel Synthesis                                                    ; On                 ; On                 ;
; Partial Reconfiguration Bitstream ID                                            ; Off                ; Off                ;
+---------------------------------------------------------------------------------+--------------------+--------------------+


+------------------------------------------+
; Parallel Compilation                     ;
+----------------------------+-------------+
; Processors                 ; Number      ;
+----------------------------+-------------+
; Number detected on machine ; 16          ;
; Maximum allowed            ; 12          ;
;                            ;             ;
; Average used               ; 1.00        ;
; Maximum used               ; 1           ;
;                            ;             ;
; Usage by Processor         ; % Time Used ;
;     Processor 1            ; 100.0%      ;
+----------------------------+-------------+


+-------------------------------+
; Analysis & Synthesis Messages ;
+-------------------------------+
Info: *******************************************************************
Info: Running Quartus Prime Analysis & Synthesis
    Info: Version 17.0.0 Build 595 04/25/2017 SJ Lite Edition
    Info: Processing started: Fri Aug 21 20:59:17 2026
Info: Command: quartus_map --read_settings_files=on --write_settings_files=off DE1_SoC -c DE1_SoC
Info (20030): Parallel compilation is enabled and will use 12 of the 12 processors detected
Info (12021): Found 1 design units, including 1 entities, in source file d_ff.sv
    Info (12023): Found entity 1: D_FF File: C:/Users/14253/OneDrive - Green River College/Desktop/ece 469/Lab 4/D_FF.sv Line: 2
Info (12021): Found 1 design units, including 1 entities, in source file d_ff_enable.sv
    Info (12023): Found entity 1: D_FF_enable File: C:/Users/14253/OneDrive - Green River College/Desktop/ece 469/Lab 4/D_FF_enable.sv Line: 3
Info (12021): Found 1 design units, including 1 entities, in source file register_64bit.sv
    Info (12023): Found entity 1: register_64Bit File: C:/Users/14253/OneDrive - Green River College/Desktop/ece 469/Lab 4/register_64Bit.sv Line: 7
Info (12021): Found 1 design units, including 1 entities, in source file register_64bit_tb.sv
    Info (12023): Found entity 1: register_64Bit_tb File: C:/Users/14253/OneDrive - Green River College/Desktop/ece 469/Lab 4/register_64Bit_tb.sv Line: 2
Info (12021): Found 1 design units, including 1 entities, in source file mux_2_1.sv
    Info (12023): Found entity 1: mux_2_1 File: C:/Users/14253/OneDrive - Green River College/Desktop/ece 469/Lab 4/mux_2_1.sv Line: 5
Info (12021): Found 1 design units, including 1 entities, in source file mux_32_1.sv
    Info (12023): Found entity 1: mux_32_1 File: C:/Users/14253/OneDrive - Green River College/Desktop/ece 469/Lab 4/mux_32_1.sv Line: 3
Info (12021): Found 1 design units, including 1 entities, in source file mux64_32.sv
    Info (12023): Found entity 1: mux64_32 File: C:/Users/14253/OneDrive - Green River College/Desktop/ece 469/Lab 4/mux64_32.sv Line: 4
Info (12021): Found 1 design units, including 1 entities, in source file decoder2_4.sv
    Info (12023): Found entity 1: decoder2_4 File: C:/Users/14253/OneDrive - Green River College/Desktop/ece 469/Lab 4/decoder2_4.sv Line: 4
Info (12021): Found 1 design units, including 1 entities, in source file decoder3_8.sv
    Info (12023): Found entity 1: decoder3_8 File: C:/Users/14253/OneDrive - Green River College/Desktop/ece 469/Lab 4/decoder3_8.sv Line: 4
Info (12021): Found 1 design units, including 1 entities, in source file decoder5_32.sv
    Info (12023): Found entity 1: decoder5_32 File: C:/Users/14253/OneDrive - Green River College/Desktop/ece 469/Lab 4/decoder5_32.sv Line: 3
Info (12021): Found 1 design units, including 1 entities, in source file regstim.sv
    Info (12023): Found entity 1: regstim File: C:/Users/14253/OneDrive - Green River College/Desktop/ece 469/Lab 4/regstim.sv Line: 4
Info (12021): Found 1 design units, including 1 entities, in source file regfile.sv
    Info (12023): Found entity 1: regfile File: C:/Users/14253/OneDrive - Green River College/Desktop/ece 469/Lab 4/regfile.sv Line: 14
Info (12021): Found 1 design units, including 1 entities, in source file regstim_test.sv
    Info (12023): Found entity 1: regstim_test File: C:/Users/14253/OneDrive - Green River College/Desktop/ece 469/Lab 4/regstim_test.sv Line: 6
Info (12021): Found 1 design units, including 1 entities, in source file full_adder.sv
    Info (12023): Found entity 1: full_adder File: C:/Users/14253/OneDrive - Green River College/Desktop/ece 469/Lab 4/full_adder.sv Line: 4
Info (12021): Found 1 design units, including 1 entities, in source file mux_8_1.sv
    Info (12023): Found entity 1: mux_8_1 File: C:/Users/14253/OneDrive - Green River College/Desktop/ece 469/Lab 4/mux_8_1.sv Line: 3
Info (12021): Found 1 design units, including 1 entities, in source file alu_bit_slice.sv
    Info (12023): Found entity 1: ALU_bit_slice File: C:/Users/14253/OneDrive - Green River College/Desktop/ece 469/Lab 4/ALU_bit_slice.sv Line: 8
Info (12021): Found 1 design units, including 1 entities, in source file alu.sv
    Info (12023): Found entity 1: alu File: C:/Users/14253/OneDrive - Green River College/Desktop/ece 469/Lab 4/ALU.sv Line: 25
Info (12021): Found 1 design units, including 1 entities, in source file alustim.sv
    Info (12023): Found entity 1: alustim File: C:/Users/14253/OneDrive - Green River College/Desktop/ece 469/Lab 4/alustim.sv Line: 20
Info (12021): Found 1 design units, including 1 entities, in source file control_unit.sv
    Info (12023): Found entity 1: control_unit File: C:/Users/14253/OneDrive - Green River College/Desktop/ece 469/Lab 4/control_unit.sv Line: 6
Info (12021): Found 0 design units, including 0 entities, in source file control_unit_tb.sv
Info (12021): Found 1 design units, including 1 entities, in source file adder_64bit.sv
    Info (12023): Found entity 1: adder_64Bit File: C:/Users/14253/OneDrive - Green River College/Desktop/ece 469/Lab 4/adder_64Bit.sv Line: 3
Info (12021): Found 1 design units, including 1 entities, in source file logical_shift_left2.sv
    Info (12023): Found entity 1: logical_shift_left2 File: C:/Users/14253/OneDrive - Green River College/Desktop/ece 469/Lab 4/logical_shift_left2.sv Line: 4
Info (12021): Found 1 design units, including 1 entities, in source file flagregisters.sv
    Info (12023): Found entity 1: flagRegisters File: C:/Users/14253/OneDrive - Green River College/Desktop/ece 469/Lab 4/flagRegisters.sv Line: 3
Info (12021): Found 2 design units, including 2 entities, in source file datamem.sv
    Info (12023): Found entity 1: datamem File: C:/Users/14253/OneDrive - Green River College/Desktop/ece 469/Lab 4/datamem.sv Line: 12
    Info (12023): Found entity 2: datamem_testbench File: C:/Users/14253/OneDrive - Green River College/Desktop/ece 469/Lab 4/datamem.sv Line: 70
Info (12021): Found 2 design units, including 2 entities, in source file instructmem.sv
    Info (12023): Found entity 1: instructmem File: C:/Users/14253/OneDrive - Green River College/Desktop/ece 469/Lab 4/instructmem.sv Line: 21
    Info (12023): Found entity 2: instructmem_testbench File: C:/Users/14253/OneDrive - Green River College/Desktop/ece 469/Lab 4/instructmem.sv Line: 61
Info (12021): Found 1 design units, including 1 entities, in source file mux_2_5.sv
    Info (12023): Found entity 1: mux_2_5 File: C:/Users/14253/OneDrive - Green River College/Desktop/ece 469/Lab 4/mux_2_5.sv Line: 4
Info (12021): Found 1 design units, including 1 entities, in source file mux_2_64_1.sv
    Info (12023): Found entity 1: mux_2_64_1 File: C:/Users/14253/OneDrive - Green River College/Desktop/ece 469/Lab 4/mux_2_64_1.sv Line: 5
Info (12021): Found 1 design units, including 1 entities, in source file cpu_single.sv
    Info (12023): Found entity 1: CPU_single File: C:/Users/14253/OneDrive - Green River College/Desktop/ece 469/Lab 4/CPU_single.sv Line: 11
Info (12021): Found 1 design units, including 1 entities, in source file cpu_single_tb.sv
    Info (12023): Found entity 1: CPU_single_tb File: C:/Users/14253/OneDrive - Green River College/Desktop/ece 469/Lab 4/CPU_single_tb.sv Line: 3
Info (12021): Found 1 design units, including 1 entities, in source file sign_extender.sv
    Info (12023): Found entity 1: sign_extender File: C:/Users/14253/OneDrive - Green River College/Desktop/ece 469/Lab 4/sign_extender.sv Line: 3
Info (12021): Found 1 design units, including 1 entities, in source file register_1bit.sv
    Info (12023): Found entity 1: register_1Bit File: C:/Users/14253/OneDrive - Green River College/Desktop/ece 469/Lab 4/register_1Bit.sv Line: 3
Info (12021): Found 1 design units, including 1 entities, in source file register_32bit.sv
    Info (12023): Found entity 1: register_32Bit File: C:/Users/14253/OneDrive - Green River College/Desktop/ece 469/Lab 4/register_32Bit.sv Line: 3
Info (12021): Found 1 design units, including 1 entities, in source file if_id.sv
    Info (12023): Found entity 1: IF_ID File: C:/Users/14253/OneDrive - Green River College/Desktop/ece 469/Lab 4/IF_ID.sv Line: 3
Info (12021): Found 1 design units, including 1 entities, in source file register_3bit.sv
    Info (12023): Found entity 1: register_3Bit File: C:/Users/14253/OneDrive - Green River College/Desktop/ece 469/Lab 4/register_3Bit.sv Line: 4
Info (12021): Found 1 design units, including 1 entities, in source file register_5bit.sv
    Info (12023): Found entity 1: register_5Bit File: C:/Users/14253/OneDrive - Green River College/Desktop/ece 469/Lab 4/register_5Bit.sv Line: 4
Info (12021): Found 1 design units, including 1 entities, in source file id_ex.sv
    Info (12023): Found entity 1: ID_EX File: C:/Users/14253/OneDrive - Green River College/Desktop/ece 469/Lab 4/ID_EX.sv Line: 3
Info (12021): Found 1 design units, including 1 entities, in source file ex_mem.sv
    Info (12023): Found entity 1: EX_MEM File: C:/Users/14253/OneDrive - Green River College/Desktop/ece 469/Lab 4/EX_MEM.sv Line: 5
Info (12021): Found 1 design units, including 1 entities, in source file mem_wb.sv
    Info (12023): Found entity 1: MEM_WB File: C:/Users/14253/OneDrive - Green River College/Desktop/ece 469/Lab 4/MEM_WB.sv Line: 2
Info (12021): Found 1 design units, including 1 entities, in source file mux_4_64_1.sv
    Info (12023): Found entity 1: mux_4_64_1 File: C:/Users/14253/OneDrive - Green River College/Desktop/ece 469/Lab 4/mux_4_64_1.sv Line: 7
Info (12021): Found 1 design units, including 1 entities, in source file forwarding_unit.sv
    Info (12023): Found entity 1: forwarding_unit File: C:/Users/14253/OneDrive - Green River College/Desktop/ece 469/Lab 4/forwarding_unit.sv Line: 4
Info (12021): Found 1 design units, including 1 entities, in source file hazard_detection.sv
    Info (12023): Found entity 1: hazard_detection File: C:/Users/14253/OneDrive - Green River College/Desktop/ece 469/Lab 4/hazard_detection.sv Line: 7
Info (12021): Found 1 design units, including 1 entities, in source file mux_2_32_1.sv
    Info (12023): Found entity 1: mux_2_32_1 File: C:/Users/14253/OneDrive - Green River College/Desktop/ece 469/Lab 4/mux_2_32_1.sv Line: 5
Info (12021): Found 1 design units, including 1 entities, in source file mux_2_11_1.sv
    Info (12023): Found entity 1: mux_2_11_1 File: C:/Users/14253/OneDrive - Green River College/Desktop/ece 469/Lab 4/mux_2_11_1.sv Line: 6
Info (12021): Found 1 design units, including 1 entities, in source file equaltozero.sv
    Info (12023): Found entity 1: equalToZero File: C:/Users/14253/OneDrive - Green River College/Desktop/ece 469/Lab 4/equalToZero.sv Line: 4
Info (12021): Found 1 design units, including 1 entities, in source file br_forwarding.sv
    Info (12023): Found entity 1: BR_forwarding File: C:/Users/14253/OneDrive - Green River College/Desktop/ece 469/Lab 4/BR_forwarding.sv Line: 11
Info (12127): Elaborating entity "CPU_single" for the top level hierarchy
Info (12128): Elaborating entity "register_64Bit" for hierarchy "register_64Bit:PC" File: C:/Users/14253/OneDrive - Green River College/Desktop/ece 469/Lab 4/CPU_single.sv Line: 62
Info (12128): Elaborating entity "mux_2_1" for hierarchy "register_64Bit:PC|mux_2_1:flip_flop_arrays[0].enableMux" File: C:/Users/14253/OneDrive - Green River College/Desktop/ece 469/Lab 4/register_64Bit.sv Line: 24
Info (12128): Elaborating entity "D_FF" for hierarchy "register_64Bit:PC|D_FF:flip_flop_arrays[0].flip_flop" File: C:/Users/14253/OneDrive - Green River College/Desktop/ece 469/Lab 4/register_64Bit.sv Line: 25
Info (12128): Elaborating entity "instructmem" for hierarchy "instructmem:IM" File: C:/Users/14253/OneDrive - Green River College/Desktop/ece 469/Lab 4/CPU_single.sv Line: 68
Warning (10175): Verilog HDL warning at instructmem.sv(28): ignoring unsupported system task File: C:/Users/14253/OneDrive - Green River College/Desktop/ece 469/Lab 4/instructmem.sv Line: 28
Warning (10850): Verilog HDL warning at instructmem.sv(46): number of words (7) in memory file does not match the number of elements in the address range [0:255] File: C:/Users/14253/OneDrive - Green River College/Desktop/ece 469/Lab 4/instructmem.sv Line: 46
Info (10648): Verilog HDL Display System Task info at instructmem.sv(47): Running benchmark:  File: C:/Users/14253/OneDrive - Green River College/Desktop/ece 469/Lab 4/instructmem.sv Line: 47
Info (12128): Elaborating entity "mux_2_64_1" for hierarchy "mux_2_64_1:nopOrIF" File: C:/Users/14253/OneDrive - Green River College/Desktop/ece 469/Lab 4/CPU_single.sv Line: 75
Info (12128): Elaborating entity "IF_ID" for hierarchy "IF_ID:ifIDReg" File: C:/Users/14253/OneDrive - Green River College/Desktop/ece 469/Lab 4/CPU_single.sv Line: 79
Info (12128): Elaborating entity "register_32Bit" for hierarchy "IF_ID:ifIDReg|register_32Bit:instructionReg" File: C:/Users/14253/OneDrive - Green River College/Desktop/ece 469/Lab 4/IF_ID.sv Line: 14
Info (12128): Elaborating entity "hazard_detection" for hierarchy "hazard_detection:stallUnit" File: C:/Users/14253/OneDrive - Green River College/Desktop/ece 469/Lab 4/CPU_single.sv Line: 92
Info (12128): Elaborating entity "mux_2_11_1" for hierarchy "mux_2_11_1:zeroSet" File: C:/Users/14253/OneDrive - Green River College/Desktop/ece 469/Lab 4/CPU_single.sv Line: 96
Info (12128): Elaborating entity "control_unit" for hierarchy "control_unit:CU" File: C:/Users/14253/OneDrive - Green River College/Desktop/ece 469/Lab 4/CPU_single.sv Line: 102
Info (12128): Elaborating entity "mux_2_5" for hierarchy "mux_2_5:reg2Logic" File: C:/Users/14253/OneDrive - Green River College/Desktop/ece 469/Lab 4/CPU_single.sv Line: 105
Info (12128): Elaborating entity "regfile" for hierarchy "regfile:reggie" File: C:/Users/14253/OneDrive - Green River College/Desktop/ece 469/Lab 4/CPU_single.sv Line: 112
Info (12128): Elaborating entity "decoder5_32" for hierarchy "regfile:reggie|decoder5_32:enableSignalDecoder" File: C:/Users/14253/OneDrive - Green River College/Desktop/ece 469/Lab 4/regfile.sv Line: 28
Info (12128): Elaborating entity "decoder2_4" for hierarchy "regfile:reggie|decoder5_32:enableSignalDecoder|decoder2_4:levelOne" File: C:/Users/14253/OneDrive - Green River College/Desktop/ece 469/Lab 4/decoder5_32.sv Line: 11
Info (12128): Elaborating entity "decoder3_8" for hierarchy "regfile:reggie|decoder5_32:enableSignalDecoder|decoder3_8:levelTwo" File: C:/Users/14253/OneDrive - Green River College/Desktop/ece 469/Lab 4/decoder5_32.sv Line: 15
Info (12128): Elaborating entity "mux64_32" for hierarchy "regfile:reggie|mux64_32:readOne" File: C:/Users/14253/OneDrive - Green River College/Desktop/ece 469/Lab 4/regfile.sv Line: 44
Info (12128): Elaborating entity "mux_32_1" for hierarchy "regfile:reggie|mux64_32:readOne|mux_32_1:loopOne[0].muxGate" File: C:/Users/14253/OneDrive - Green River College/Desktop/ece 469/Lab 4/mux64_32.sv Line: 19
Info (12128): Elaborating entity "sign_extender" for hierarchy "sign_extender:SignExtend" File: C:/Users/14253/OneDrive - Green River College/Desktop/ece 469/Lab 4/CPU_single.sv Line: 120
Info (12128): Elaborating entity "equalToZero" for hierarchy "equalToZero:checkingIfZero" File: C:/Users/14253/OneDrive - Green River College/Desktop/ece 469/Lab 4/CPU_single.sv Line: 123
Info (12128): Elaborating entity "adder_64Bit" for hierarchy "adder_64Bit:branchAddr" File: C:/Users/14253/OneDrive - Green River College/Desktop/ece 469/Lab 4/CPU_single.sv Line: 126
Info (12128): Elaborating entity "full_adder" for hierarchy "adder_64Bit:branchAddr|full_adder:gate" File: C:/Users/14253/OneDrive - Green River College/Desktop/ece 469/Lab 4/adder_64Bit.sv Line: 11
Info (12128): Elaborating entity "BR_forwarding" for hierarchy "BR_forwarding:branchRegForward" File: C:/Users/14253/OneDrive - Green River College/Desktop/ece 469/Lab 4/CPU_single.sv Line: 162
Info (12128): Elaborating entity "mux_4_64_1" for hierarchy "BR_forwarding:branchRegForward|mux_4_64_1:aluAInput" File: C:/Users/14253/OneDrive - Green River College/Desktop/ece 469/Lab 4/BR_forwarding.sv Line: 31
Info (12128): Elaborating entity "ID_EX" for hierarchy "ID_EX:idEXReg" File: C:/Users/14253/OneDrive - Green River College/Desktop/ece 469/Lab 4/CPU_single.sv Line: 197
Info (12128): Elaborating entity "register_3Bit" for hierarchy "ID_EX:idEXReg|register_3Bit:aluReg" File: C:/Users/14253/OneDrive - Green River College/Desktop/ece 469/Lab 4/ID_EX.sv Line: 30
Info (12128): Elaborating entity "register_5Bit" for hierarchy "ID_EX:idEXReg|register_5Bit:rd" File: C:/Users/14253/OneDrive - Green River College/Desktop/ece 469/Lab 4/ID_EX.sv Line: 40
Info (12128): Elaborating entity "register_1Bit" for hierarchy "ID_EX:idEXReg|register_1Bit:Branch" File: C:/Users/14253/OneDrive - Green River College/Desktop/ece 469/Lab 4/ID_EX.sv Line: 46
Info (12128): Elaborating entity "forwarding_unit" for hierarchy "forwarding_unit:dataHazard" File: C:/Users/14253/OneDrive - Green River College/Desktop/ece 469/Lab 4/CPU_single.sv Line: 208
Info (12128): Elaborating entity "alu" for hierarchy "alu:mainALU" File: C:/Users/14253/OneDrive - Green River College/Desktop/ece 469/Lab 4/CPU_single.sv Line: 228
Info (12128): Elaborating entity "ALU_bit_slice" for hierarchy "alu:mainALU|ALU_bit_slice:firstBit" File: C:/Users/14253/OneDrive - Green River College/Desktop/ece 469/Lab 4/ALU.sv Line: 40
Info (12128): Elaborating entity "mux_8_1" for hierarchy "alu:mainALU|ALU_bit_slice:firstBit|mux_8_1:selector" File: C:/Users/14253/OneDrive - Green River College/Desktop/ece 469/Lab 4/ALU_bit_slice.sv Line: 26
Info (12128): Elaborating entity "flagRegisters" for hierarchy "flagRegisters:flagReg" File: C:/Users/14253/OneDrive - Green River College/Desktop/ece 469/Lab 4/CPU_single.sv Line: 234
Info (12128): Elaborating entity "EX_MEM" for hierarchy "EX_MEM:exMEMReg" File: C:/Users/14253/OneDrive - Green River College/Desktop/ece 469/Lab 4/CPU_single.sv Line: 246
Info (12128): Elaborating entity "datamem" for hierarchy "datamem:dataMemory" File: C:/Users/14253/OneDrive - Green River College/Desktop/ece 469/Lab 4/CPU_single.sv Line: 256
Warning (10175): Verilog HDL warning at datamem.sv(23): ignoring unsupported system task File: C:/Users/14253/OneDrive - Green River College/Desktop/ece 469/Lab 4/datamem.sv Line: 23
Info (10264): Verilog HDL Case Statement information at datamem.sv(43): all case item expressions in this case statement are onehot File: C:/Users/14253/OneDrive - Green River College/Desktop/ece 469/Lab 4/datamem.sv Line: 43
Error (10232): Verilog HDL error at datamem.sv(58): index 71 cannot fall outside the declared range [63:0] for vector "read_data" File: C:/Users/14253/OneDrive - Green River College/Desktop/ece 469/Lab 4/datamem.sv Line: 58
Error (10232): Verilog HDL error at datamem.sv(58): index 64 cannot fall outside the declared range [63:0] for vector "read_data" File: C:/Users/14253/OneDrive - Green River College/Desktop/ece 469/Lab 4/datamem.sv Line: 58
Warning (10240): Verilog HDL Always Construct warning at datamem.sv(55): inferring latch(es) for variable "i", which holds its previous value in one or more paths through the always construct File: C:/Users/14253/OneDrive - Green River College/Desktop/ece 469/Lab 4/datamem.sv Line: 55
Error (10166): SystemVerilog RTL Coding error at datamem.sv(55): always_comb construct does not infer purely combinational logic. File: C:/Users/14253/OneDrive - Green River College/Desktop/ece 469/Lab 4/datamem.sv Line: 55
Error (12152): Can't elaborate user hierarchy "datamem:dataMemory" File: C:/Users/14253/OneDrive - Green River College/Desktop/ece 469/Lab 4/CPU_single.sv Line: 256
Info (144001): Generated suppressed messages file C:/Users/14253/OneDrive - Green River College/Desktop/ece 469/Lab 4/DE1_SoC.map.smsg
Error: Quartus Prime Analysis & Synthesis was unsuccessful. 4 errors, 4 warnings
    Error: Peak virtual memory: 4836 megabytes
    Error: Processing ended: Fri Aug 21 20:59:44 2026
    Error: Elapsed time: 00:00:27
    Error: Total CPU time (on all processors): 00:00:50


+------------------------------------------+
; Analysis & Synthesis Suppressed Messages ;
+------------------------------------------+
The suppressed messages can be found in C:/Users/14253/OneDrive - Green River College/Desktop/ece 469/Lab 4/DE1_SoC.map.smsg.


